
> gabriel@0.1.0 vercel-build
> prisma generate && npx prisma db push --accept-data-loss && npx prisma db seed && next build

Loaded Prisma config from prisma.config.ts.

Prisma schema loaded from prisma\schema.prisma.

✔ Generated Prisma Client (7.8.0) to .\src\generated\prisma in 689ms

Loaded Prisma config from prisma.config.ts.

Prisma schema loaded from prisma\schema.prisma.
Datasource "db": PostgreSQL database "neondb", schema "public" at "ep-wispy-flower-ai8majhp-pooler.c-4.us-east-1.aws.neon.tech"

The database is already in sync with the Prisma schema.

Loaded Prisma config from prisma.config.ts.

⚠️ No seed command configured

To seed your database, add a seed property to the migrations section in your Prisma config file.

Example

  // prisma.config.ts
  export default defineConfig({
    migrations: {
      seed: 'bun·./prisma/seed.ts',
    },
    datasource: {
      url: '[your database URL]',
    },
  })

▲ Next.js 16.2.2 (Turbopack)
- Environments: .env

⚠ The "middleware" file convention is deprecated. Please use "proxy" instead. Learn more: https://nextjs.org/docs/messages/middleware-to-proxy
  Creating an optimized production build ...

> Build error occurred
Error: Turbopack build failed with 3 errors:
./src/lib/prisma.ts:2:1
Module not found: Can't resolve '@prisma/adapter-pg'
  [90m1 |[0m [36mimport[0m { [33mPrismaClient[0m } [36mfrom[0m [32m"../generated/prisma/client"[0m;
[31m[1m>[0m [90m2 |[0m [36mimport[0m { [33mPrismaPg[0m } [36mfrom[0m [32m"@prisma/adapter-pg"[0m;
  [90m  |[0m [31m[1m^^^^^^^^^^^^^^^^^^^^^^^^^^^^^^^^^^^^^^^^^^^^^^[0m
  [90m3 |[0m
  [90m4 |[0m [36mconst[0m connectionString = process.env.[33mDATABASE_URL[0m || [32m"postgresql://postgres:postgres@localh...[0m
  [90m5 |[0m



Import traces:
  App Route:
    ./src/lib/prisma.ts
    ./src/app/api/knowledge/entries/[id]/route.ts

  Server Component:
    ./src/lib/prisma.ts
    ./src/app/(dashboard)/page.tsx

  Instrumentation:
    ./src/lib/prisma.ts
    ./src/lib/shutdown.ts
    ./src/instrumentation.ts

https://nextjs.org/docs/messages/module-not-found


./src/lib/channels/whatsapp.ts:4:1
Module not found: Can't resolve '@whiskeysockets/baileys'
  [90m 2 |[0m [36mimport[0m * [36mas[0m qrcode [36mfrom[0m [32m"qrcode"[0m;
  [90m 3 |[0m [36mimport[0m pino [36mfrom[0m [32m"pino"[0m;
[31m[1m>[0m [90m 4 |[0m [36mimport[0m {
  [90m   |[0m [31m[1m^^^^^^^[0m
[31m[1m>[0m [90m 5 |[0m   [36mdefault[0m [36mas[0m makeWASocket,
  [90m   |[0m [31m[1m^^^^^^^^^^^^^^^^^^^^^^^^^^[0m
[31m[1m>[0m [90m 6 |[0m   useMultiFileAuthState,
  [90m   |[0m [31m[1m^^^^^^^^^^^^^^^^^^^^^^^^[0m
[31m[1m>[0m [90m 7 |[0m   [33mDisconnectReason[0m,
  [90m   |[0m [31m[1m^^^^^^^^^^^^^^^^^^^[0m
[31m[1m>[0m [90m 8 |[0m   fetchLatestBaileysVersion,
  [90m   |[0m [31m[1m^^^^^^^^^^^^^^^^^^^^^^^^^^^^[0m
[31m[1m>[0m [90m 9 |[0m   makeCacheableSignalKeyStore,
  [90m   |[0m [31m[1m^^^^^^^^^^^^^^^^^^^^^^^^^^^^^^[0m
[31m[1m>[0m [90m10 |[0m } [36mfrom[0m [32m"@whiskeysockets/baileys"[0m;
  [90m   |[0m [31m[1m^^^^^^^^^^^^^^^^^^^^^^^^^^^^^^^^^[0m
  [90m11 |[0m [36mimport[0m { prisma } [36mfrom[0m [32m"@/lib/prisma"[0m;
  [90m12 |[0m [36mimport[0m { chat, createNewConversation } [36mfrom[0m [32m"@/lib/ai/engine"[0m;
  [90m13 |[0m [36mimport[0m { logger } [36mfrom[0m [32m"@/lib/logger"[0m;



Import trace:
  App Route:
    ./src/lib/channels/whatsapp.ts
    ./src/app/api/channels/whatsapp/route.ts

https://nextjs.org/docs/messages/module-not-found


./src/lib/channels/whatsapp.ts:3:1
Module not found: Can't resolve 'pino'
  [90m1 |[0m [36mimport[0m { [33mClient[0m, [33mLocalAuth[0m, [33mMessage[0m } [36mfrom[0m [32m"whatsapp-web.js"[0m;
  [90m2 |[0m [36mimport[0m * [36mas[0m qrcode [36mfrom[0m [32m"qrcode"[0m;
[31m[1m>[0m [90m3 |[0m [36mimport[0m pino [36mfrom[0m [32m"pino"[0m;
  [90m  |[0m [31m[1m^^^^^^^^^^^^^^^^^^^^^^^^[0m
  [90m4 |[0m [36mimport[0m {
  [90m5 |[0m   [36mdefault[0m [36mas[0m makeWASocket,
  [90m6 |[0m   useMultiFileAuthState,



Import trace:
  App Route:
    ./src/lib/channels/whatsapp.ts
    ./src/app/api/channels/whatsapp/route.ts

https://nextjs.org/docs/messages/module-not-found


    at <unknown> (./src/lib/prisma.ts:2:1)
    at <unknown> (https://nextjs.org/docs/messages/module-not-found)
    at <unknown> (./src/lib/channels/whatsapp.ts:4:1)
    at <unknown> (https://nextjs.org/docs/messages/module-not-found)
    at <unknown> (./src/lib/channels/whatsapp.ts:3:1)
    at <unknown> (https://nextjs.org/docs/messages/module-not-found)
